// Jest Snapshot v1, https://goo.gl/fbAQLP

exports[`AddStory 1`] = `
<form
  onSubmit={[Function]}
>
  <input
    data-test-id="NewStoryBody"
    onChange={[Function]}
    value="A great story!"
  />
  <button
    data-test-id="AddStoryButton"
    type="submit"
  >
    Add Story
  </button>
</form>
`;
